// Jest Snapshot v1, https://goo.gl/fbAQLP

exports[`renders MainPage without crashing 1`] = `
"<div className=\\"tc\\">
  <Header />
  <SearchBox searchChange={[undefined]} />
  <Scroll>
    <ErrorBoundary isError={false}>
      <CardList robots={{...}} />
    </ErrorBoundary>
  </Scroll>
</div>"
`;

exports[`shows pending messages when pennding 1`] = `
"<h1 className=\\"tc f1\\">
  Loading
</h1>"
`;
